[Error|Compiler]:
Unresolved soft errors: There are unresolved errors. Please fix them and recompile.

[Error|Semantic] ./source.spice:3:9:
Invalid number of continue calls: Continue count must be >= 1, you provided 0

3  continue 0;
   ^^^^^^^^^^