[Error|Semantic] ./source.spice:1:3:
Unknown attribute: Unknown attribute 'non.existing.attr'

1  #[non.existing.attr = 321]
     ^^^^^^^^^^^^^^^^^^^^^^^