Semantic error at 3:13: Array index not of type int: Index in foreach loop must be of type int. You provided double