Semantic error in ./test-files/analyzer/operators/error-additive-operators-some-combinations/source.spice:2:29: Wrong data type for operator: Cannot apply '+' operator on types bool and string