[Error|Compiler]:
Unresolved soft errors: There are unresolved errors. Please fix them and recompile.

[Error|Semantic] ./test-files/typechecker/generics/error-not-in-template5/source.spice:3:3:
Generic type not contained in template: Generic return type not included in the template type list of the function

3  f<T> test() {
     ^

[Error|Semantic] ./test-files/typechecker/generics/error-not-in-template5/source.spice:8:5:
Referenced undefined function: Function/procedure 'test()' could not be found

8  test();
   ^^^^^^