Word no. 0: Hello
Word no. 1: Spice
Word no. 2: programmers!
Word no. 3: 
Word no. 4: 
