Semantic error - Dyn arrays not allowed: Just use the dyn type without '[]' instead