Item at index 0: 1
Item at index 1: 5
Item at index 2: 4
Item at index 3: 0
Item at index 4: 12
Item at index 5: 12345
Item at index 6: 9
