Semantic error at 1:1: Missing return statement: Function without return statement