Semantic error in ./test-files/analyzer/builtins/error-printf-too-less-args/source.spice:2:5: Printf arg number not matching template string: The placeholder string contains more placeholders that arguments were passed