[Error|Semantic] ./test-files/typechecker/operators/error-logical-operators-are-booleans/source.spice:2:9:
Wrong data type for operator: Cannot apply '||' operator on types string and bool

2  if ("test" || false) {
       ^^^^^^^^^^^^^^^