[Error|Compiler]:
Unresolved soft errors: There are unresolved errors. Please fix them and recompile.

[Error|Semantic] ./source.spice:3:5:
Qualifier at illegal context: The heap qualifier can only be applied to symbols of pointer type, you provided int

3  heap int test = t;
   ^^^^