Semantic error at 12:19: Referenced undefined function: Function/Procedure 'getInt()' could not be found