Semantic error at 1:8: Imported source file not existing: The source file 'source2.spice' does not exist