Semantic error at 4:15: Condition must be bool: If condition must be of type bool