Semantic error in ./test-files/analyzer/arrays/error-dyn-arrays/source.spice:2:5: Dyn arrays not allowed: Just use the dyn type without '[]' instead