100: 100
1: 1
101: 101
2: 2
102: 102
3: 3
4: 4
5: 5
1265: 1265
99: 99
