Semantic error at 2:8: Condition must be bool: If condition must be of type bool