Outer: 0.150000, inner: 10
Outer: 0.150000, inner: 9
Outer: 0.150000, inner: 8
Outer: 0.150000, inner: 7
Outer: 0.150000, inner: 6
Outer: 0.300000, inner: 10
Outer: 0.300000, inner: 9
Outer: 0.300000, inner: 8
Outer: 0.300000, inner: 7
Outer: 0.300000, inner: 6
Outer: 0.450000, inner: 10
Outer: 0.450000, inner: 9
Outer: 0.450000, inner: 8
Outer: 0.450000, inner: 7
Outer: 0.450000, inner: 6
Outer: 0.600000, inner: 10
Outer: 0.600000, inner: 9
Outer: 0.600000, inner: 8
Outer: 0.600000, inner: 7
Outer: 0.600000, inner: 6
Outer: 0.750000, inner: 10
Outer: 0.750000, inner: 9
Outer: 0.750000, inner: 8
Outer: 0.750000, inner: 7
Outer: 0.750000, inner: 6
Outer: 0.900000, inner: 10
Outer: 0.900000, inner: 9
Outer: 0.900000, inner: 8
Outer: 0.900000, inner: 7
Outer: 0.900000, inner: 6
Outer: 1.050000, inner: 10
Outer: 1.050000, inner: 9
Outer: 1.050000, inner: 8
Outer: 1.050000, inner: 7
Outer: 1.050000, inner: 6
Outer: 1.200000, inner: 10
Outer: 1.200000, inner: 9
Outer: 1.200000, inner: 8
Outer: 1.200000, inner: 7
Outer: 1.200000, inner: 6
Outer: 1.350000, inner: 10
Outer: 1.350000, inner: 9
Outer: 1.350000, inner: 8
Outer: 1.350000, inner: 7
Outer: 1.350000, inner: 6
Outer: 1.500000, inner: 10
Outer: 1.500000, inner: 9
Outer: 1.500000, inner: 8
Outer: 1.500000, inner: 7
Outer: 1.500000, inner: 6
Outer: 1.650000, inner: 10
Outer: 1.650000, inner: 9
Outer: 1.650000, inner: 8
Outer: 1.650000, inner: 7
Outer: 1.650000, inner: 6
Outer: 1.800000, inner: 10
Outer: 1.800000, inner: 9
Outer: 1.800000, inner: 8
Outer: 1.800000, inner: 7
Outer: 1.800000, inner: 6
Outer: 1.950000, inner: 10
Outer: 1.950000, inner: 9
Outer: 1.950000, inner: 8
Outer: 1.950000, inner: 7
Outer: 1.950000, inner: 6
Outer: 2.100000, inner: 10
Outer: 2.100000, inner: 9
Outer: 2.100000, inner: 8
Outer: 2.100000, inner: 7
Outer: 2.100000, inner: 6
Outer: 2.250000, inner: 10
Outer: 2.250000, inner: 9
Outer: 2.250000, inner: 8
Outer: 2.250000, inner: 7
Outer: 2.250000, inner: 6
Outer: 2.400000, inner: 10
Outer: 2.400000, inner: 9
Outer: 2.400000, inner: 8
Outer: 2.400000, inner: 7
Outer: 2.400000, inner: 6
Outer: 2.550000, inner: 10
Outer: 2.550000, inner: 9
Outer: 2.550000, inner: 8
Outer: 2.550000, inner: 7
Outer: 2.550000, inner: 6
Outer: 2.700000, inner: 10
Outer: 2.700000, inner: 9
Outer: 2.700000, inner: 8
Outer: 2.700000, inner: 7
Outer: 2.700000, inner: 6
Outer: 2.850000, inner: 10
Outer: 2.850000, inner: 9
Outer: 2.850000, inner: 8
Outer: 2.850000, inner: 7
Outer: 2.850000, inner: 6
Outer: 3.000000, inner: 10
Outer: 3.000000, inner: 9
Outer: 3.000000, inner: 8
Outer: 3.000000, inner: 7
Outer: 3.000000, inner: 6
Outer: 3.150000, inner: 10
Outer: 3.150000, inner: 9
Outer: 3.150000, inner: 8
Outer: 3.150000, inner: 7
Outer: 3.150000, inner: 6
Outer: 3.300000, inner: 10
Outer: 3.300000, inner: 9
Outer: 3.300000, inner: 8
Outer: 3.300000, inner: 7
Outer: 3.300000, inner: 6
Outer: 3.450000, inner: 10
Outer: 3.450000, inner: 9
Outer: 3.450000, inner: 8
Outer: 3.450000, inner: 7
Outer: 3.450000, inner: 6
Outer: 3.600000, inner: 10
Outer: 3.600000, inner: 9
Outer: 3.600000, inner: 8
Outer: 3.600000, inner: 7
Outer: 3.600000, inner: 6
Outer: 3.750000, inner: 10
Outer: 3.750000, inner: 9
Outer: 3.750000, inner: 8
Outer: 3.750000, inner: 7
Outer: 3.750000, inner: 6
Outer: 3.900000, inner: 10
Outer: 3.900000, inner: 9
Outer: 3.900000, inner: 8
Outer: 3.900000, inner: 7
Outer: 3.900000, inner: 6
