[Warning] ./source.spice:1:1: Unused interface: The interface 'UnusedInterface' is unused
