Ignored return value of ctor:
-- LifetimeObject 1 was created (ctor)
-- LifetimeObject 1 (dtor)
Normal lifecycle:
-- LifetimeObject 2 was created (ctor)
-- LifetimeObject 2 was copied to LifetimeObject 3 (copy ctor)
-- LifetimeObject 3 (dtor)
-- LifetimeObject 2 (dtor)
Return from lambda as value:
-- LifetimeObject 4 was created (ctor)
-- LifetimeObject 5 was created (ctor)
-- LifetimeObject 6 was created (ctor)
-- LifetimeObject 6 (dtor)
-- LifetimeObject 5 (dtor)
-- LifetimeObject 4 (dtor)
Return from lambda as reference:
-- LifetimeObject 7 was created (ctor)
-- LifetimeObject 7 (dtor)
Return from lambda as const reference:
-- LifetimeObject 8 was created (ctor)
-- LifetimeObject 8 (dtor)
Return from function as value:
-- LifetimeObject 9 was created (ctor)
-- LifetimeObject 10 was created (ctor)
-- LifetimeObject 11 was created (ctor)
-- LifetimeObject 11 (dtor)
-- LifetimeObject 10 (dtor)
-- LifetimeObject 9 (dtor)
Ternary (true temporary, false temporary)
-- LifetimeObject 12 was created (ctor)
-- LifetimeObject 13 was created (ctor)
-- LifetimeObject 13 (dtor)
-- LifetimeObject 12 (dtor)
Ternary (true temporary, false not temporary)
-- LifetimeObject 14 was created (ctor)
-- LifetimeObject 15 was created (ctor)
-- LifetimeObject 14 was copied to LifetimeObject 16 (copy ctor)
-- LifetimeObject 16 (dtor)
-- LifetimeObject 15 (dtor)
-- LifetimeObject 14 (dtor)
Ternary (true not temporary, false temporary)
-- LifetimeObject 17 was created (ctor)
-- LifetimeObject 17 was copied to LifetimeObject 18 (copy ctor)
-- LifetimeObject 19 was created (ctor)
-- LifetimeObject 19 (dtor)
-- LifetimeObject 18 (dtor)
-- LifetimeObject 17 (dtor)
Ternary (true not temporary, false not temporary)
-- LifetimeObject 20 was created (ctor)
-- LifetimeObject 21 was created (ctor)
-- LifetimeObject 20 was copied to LifetimeObject 22 (copy ctor)
-- LifetimeObject 21 was copied to LifetimeObject 23 (copy ctor)
-- LifetimeObject 23 (dtor)
-- LifetimeObject 22 (dtor)
-- LifetimeObject 21 (dtor)
-- LifetimeObject 20 (dtor)
Ternary function (const ref) return:
-- LifetimeObject 24 was created (ctor)
-- LifetimeObject 25 was created (ctor)
-- LifetimeObject 24 was copied to LifetimeObject 26 (copy ctor)
-- LifetimeObject 24 was copied to LifetimeObject 27 (copy ctor)
-- LifetimeObject 26 (dtor)
-- LifetimeObject 25 was copied to LifetimeObject 28 (copy ctor)
-- LifetimeObject 25 was copied to LifetimeObject 29 (copy ctor)
-- LifetimeObject 28 (dtor)
-- LifetimeObject 29 (dtor)
-- LifetimeObject 27 (dtor)
-- LifetimeObject 25 (dtor)
-- LifetimeObject 24 (dtor)
Ternary function (ref) return:
-- LifetimeObject 30 was created (ctor)
-- LifetimeObject 31 was created (ctor)
-- LifetimeObject 30 was copied to LifetimeObject 32 (copy ctor)
-- LifetimeObject 30 was copied to LifetimeObject 33 (copy ctor)
-- LifetimeObject 32 (dtor)
-- LifetimeObject 31 was copied to LifetimeObject 34 (copy ctor)
-- LifetimeObject 31 was copied to LifetimeObject 35 (copy ctor)
-- LifetimeObject 34 (dtor)
-- LifetimeObject 35 (dtor)
-- LifetimeObject 33 (dtor)
-- LifetimeObject 31 (dtor)
-- LifetimeObject 30 (dtor)
Ternary function (val) return:
-- LifetimeObject 36 was created (ctor)
-- LifetimeObject 37 was created (ctor)
-- LifetimeObject 36 was copied to LifetimeObject 38 (copy ctor)
-- LifetimeObject 36 was copied to LifetimeObject 39 (copy ctor)
-- LifetimeObject 36 was copied to LifetimeObject 40 (copy ctor)
-- LifetimeObject 36 was copied to LifetimeObject 41 (copy ctor)
-- LifetimeObject 40 (dtor)
-- LifetimeObject 39 (dtor)
-- LifetimeObject 38 (dtor)
-- LifetimeObject 37 was copied to LifetimeObject 42 (copy ctor)
-- LifetimeObject 37 was copied to LifetimeObject 43 (copy ctor)
-- LifetimeObject 37 was copied to LifetimeObject 44 (copy ctor)
-- LifetimeObject 37 was copied to LifetimeObject 45 (copy ctor)
-- LifetimeObject 44 (dtor)
-- LifetimeObject 43 (dtor)
-- LifetimeObject 42 (dtor)
-- LifetimeObject 45 (dtor)
-- LifetimeObject 41 (dtor)
-- LifetimeObject 37 (dtor)
-- LifetimeObject 36 (dtor)
Ternary receiving function result:
-- LifetimeObject 46 was created (ctor)
-- LifetimeObject 47 was created (ctor)
-- LifetimeObject 47 (dtor)
-- LifetimeObject 46 (dtor)
