[Error|Semantic] ./test-files/typechecker/builtins/error-printf-wrong-type4/source.spice:5:18:
Types of printf call not matching: The placeholder string expects pointer, array or string, but got NotAPointer

5  printf("%p", nonPtr);
                ^^^^^^