Semantic error in ./test-files/analyzer/function-calls/error-cannot-call-variables/source.spice at 3:22: Referenced undefined function: Function/Procedure 'variable()' could not be found