[Error|Compiler]:
Unresolved soft errors: There are unresolved errors. Please fix them and recompile.

[Error|Semantic] ./test-files/typechecker/generics/error-generic-method-not-found/source.spice:7:5:
Referenced undefined function: Function/procedure 's1::Vector<int>.setData(double)' could not be found

7  v.setData(1.5);
   ^^^^^^^^^^^^^^