bool
dyn
f()
f<int>()
f<int>(int,int)
int
invalid
