Default value of int: 123
Default value of string: abc
Default value of double: 1.230000
Default value of bool: 1
