[Error|Semantic] ./test-files/analyzer/unsafe/error-pointer-cast/source.spice:4:17:
Unsafe operation in safe context: Cannot apply '(cast)' operator on types int* and long* as this is an unsafe operation. Please use unsafe blocks if you know what you are doing.

4  int* iPtr = (int*) lPtr;
               ^^^^^^^^^^^