[Error|Compiler]:
Unresolved soft errors: There are unresolved errors. Please fix them and recompile.

[Error|Semantic] ./test-files/typechecker/variables/error-variable-ambiguity/source.spice:4:9:
Used before declared: Symbol 'variable' was used before declared.

4  variable++;
   ^^^^^^^^