Opening server socket ...
Server socket open
Opening client socket ...
Client socket open