[Error|Semantic] ./test-files/typechecker/builtins/error-printf-wrong-type1/source.spice:2:18:
Types of printf call not matching: The placeholder string expects int, short, long, byte or bool, but got double

2  printf("%d", 6.23456);
                ^^^^^^^